// Jest Snapshot v1, https://goo.gl/fbAQLP

exports[`<LoginButton /> renders correctly 1`] = `
<View
  accessibilityState={
    {
      "busy": undefined,
      "checked": undefined,
      "disabled": undefined,
      "expanded": undefined,
      "selected": undefined,
    }
  }
  accessibilityValue={
    {
      "max": undefined,
      "min": undefined,
      "now": undefined,
      "text": undefined,
    }
  }
  accessible={true}
  collapsable={false}
  focusable={false}
  onClick={[Function]}
  onResponderGrant={[Function]}
  onResponderMove={[Function]}
  onResponderRelease={[Function]}
  onResponderTerminate={[Function]}
  onResponderTerminationRequest={[Function]}
  onStartShouldSetResponder={[Function]}
  style={
    {
      "marginTop": 20,
      "opacity": 1,
    }
  }
  testID="login-button"
>
  <View
    accessibilityIgnoresInvertColors={true}
    style={
      {
        "height": 60,
      }
    }
  >
    <Image
      resizeMode="contain"
      source={1}
      style={
        [
          {
            "bottom": 0,
            "left": 0,
            "position": "absolute",
            "right": 0,
            "top": 0,
          },
          {
            "height": 60,
            "width": undefined,
          },
          undefined,
        ]
      }
    />
  </View>
</View>
`;
